error: Only "when" or "and_given" are allowed inside "given" section
 --> tests/try/given_then.rs:6:9
  |
6 |         'then_something: {
  |         ^^^^^^^^^^^^^^^
