error: Only "then" or "and_when" are allowed inside "when" section
 --> tests/try/when_given.rs:8:13
  |
8 |             'given_something: {
  |             ^^^^^^^^^^^^^^^^
